[2021-10-16T16:54:00.352-0700][gc,heap] Heap region size: 1M
[2021-10-16T16:54:00.359-0700][gc     ] Using G1
[2021-10-16T16:54:00.359-0700][gc,heap,coops] Heap address: 0x00000000c0000000, size: 1024 MB, Compressed Oops mode: 32-bit
[2021-10-16T16:54:00.359-0700][gc,cds       ] Mark closed archive regions in map: [0x00000000fff00000, 0x00000000fff6aff8]
[2021-10-16T16:54:00.359-0700][gc,cds       ] Mark open archive regions in map: [0x00000000ffe00000, 0x00000000ffe46ff8]
[2021-10-16T16:54:01.188-0700][gc,start     ] GC(0) Pause Young (Normal) (G1 Evacuation Pause)
[2021-10-16T16:54:01.189-0700][gc,task      ] GC(0) Using 2 workers of 2 for evacuation
[2021-10-16T16:54:01.198-0700][gc,phases    ] GC(0)   Pre Evacuate Collection Set: 0.1ms
[2021-10-16T16:54:01.198-0700][gc,phases    ] GC(0)   Evacuate Collection Set: 8.5ms
[2021-10-16T16:54:01.198-0700][gc,phases    ] GC(0)   Post Evacuate Collection Set: 0.4ms
[2021-10-16T16:54:01.198-0700][gc,phases    ] GC(0)   Other: 0.8ms
[2021-10-16T16:54:01.198-0700][gc,heap      ] GC(0) Eden regions: 51->0(44)
[2021-10-16T16:54:01.198-0700][gc,heap      ] GC(0) Survivor regions: 0->7(7)
[2021-10-16T16:54:01.198-0700][gc,heap      ] GC(0) Old regions: 2->2
[2021-10-16T16:54:01.198-0700][gc,heap      ] GC(0) Humongous regions: 0->0
[2021-10-16T16:54:01.198-0700][gc,metaspace ] GC(0) Metaspace: 15449K->15449K(1062912K)
[2021-10-16T16:54:01.198-0700][gc           ] GC(0) Pause Young (Normal) (G1 Evacuation Pause) 51M->7M(1024M) 9.798ms
[2021-10-16T16:54:01.198-0700][gc,cpu       ] GC(0) User=0.01s Sys=0.00s Real=0.01s
[2021-10-16T16:54:01.511-0700][gc,start     ] GC(1) Pause Young (Concurrent Start) (Metadata GC Threshold)
[2021-10-16T16:54:01.511-0700][gc,task      ] GC(1) Using 2 workers of 2 for evacuation
[2021-10-16T16:54:01.523-0700][gc,phases    ] GC(1)   Pre Evacuate Collection Set: 0.1ms
[2021-10-16T16:54:01.523-0700][gc,phases    ] GC(1)   Evacuate Collection Set: 11.3ms
[2021-10-16T16:54:01.523-0700][gc,phases    ] GC(1)   Post Evacuate Collection Set: 0.2ms
[2021-10-16T16:54:01.523-0700][gc,phases    ] GC(1)   Other: 0.2ms
[2021-10-16T16:54:01.523-0700][gc,heap      ] GC(1) Eden regions: 22->0(49)
[2021-10-16T16:54:01.523-0700][gc,heap      ] GC(1) Survivor regions: 7->2(7)
[2021-10-16T16:54:01.523-0700][gc,heap      ] GC(1) Old regions: 2->9
[2021-10-16T16:54:01.523-0700][gc,heap      ] GC(1) Humongous regions: 129->129
[2021-10-16T16:54:01.523-0700][gc,metaspace ] GC(1) Metaspace: 20542K->20542K(1067008K)
[2021-10-16T16:54:01.523-0700][gc           ] GC(1) Pause Young (Concurrent Start) (Metadata GC Threshold) 157M->137M(1024M) 11.869ms
[2021-10-16T16:54:01.523-0700][gc,cpu       ] GC(1) User=0.02s Sys=0.00s Real=0.01s
[2021-10-16T16:54:01.523-0700][gc           ] GC(2) Concurrent Cycle
[2021-10-16T16:54:01.523-0700][gc,marking   ] GC(2) Concurrent Clear Claimed Marks
[2021-10-16T16:54:01.523-0700][gc,marking   ] GC(2) Concurrent Clear Claimed Marks 0.028ms
[2021-10-16T16:54:01.523-0700][gc,marking   ] GC(2) Concurrent Scan Root Regions
[2021-10-16T16:54:01.524-0700][gc,marking   ] GC(2) Concurrent Scan Root Regions 0.857ms
[2021-10-16T16:54:01.524-0700][gc,marking   ] GC(2) Concurrent Mark (1.174s)
[2021-10-16T16:54:01.524-0700][gc,marking   ] GC(2) Concurrent Mark From Roots
[2021-10-16T16:54:01.524-0700][gc,task      ] GC(2) Using 1 workers of 1 for marking
[2021-10-16T16:54:01.542-0700][gc,marking   ] GC(2) Concurrent Mark From Roots 18.031ms
[2021-10-16T16:54:01.542-0700][gc,marking   ] GC(2) Concurrent Preclean
[2021-10-16T16:54:01.542-0700][gc,marking   ] GC(2) Concurrent Preclean 0.044ms
[2021-10-16T16:54:01.542-0700][gc,marking   ] GC(2) Concurrent Mark (1.174s, 1.192s) 18.127ms
[2021-10-16T16:54:01.542-0700][gc,start     ] GC(2) Pause Remark
[2021-10-16T16:54:01.546-0700][gc,stringtable] GC(2) Cleaned string and symbol table, strings: 4979 processed, 0 removed, symbols: 50697 processed, 40 removed
[2021-10-16T16:54:01.546-0700][gc            ] GC(2) Pause Remark 138M->138M(1024M) 3.858ms
[2021-10-16T16:54:01.546-0700][gc,cpu        ] GC(2) User=0.01s Sys=0.00s Real=0.00s
[2021-10-16T16:54:01.546-0700][gc,marking    ] GC(2) Concurrent Rebuild Remembered Sets
[2021-10-16T16:54:01.550-0700][gc,marking    ] GC(2) Concurrent Rebuild Remembered Sets 3.320ms
[2021-10-16T16:54:01.550-0700][gc,start      ] GC(2) Pause Cleanup
[2021-10-16T16:54:01.550-0700][gc            ] GC(2) Pause Cleanup 138M->138M(1024M) 0.224ms
[2021-10-16T16:54:01.550-0700][gc,cpu        ] GC(2) User=0.00s Sys=0.00s Real=0.00s
[2021-10-16T16:54:01.550-0700][gc,marking    ] GC(2) Concurrent Cleanup for Next Mark
[2021-10-16T16:54:01.555-0700][gc,marking    ] GC(2) Concurrent Cleanup for Next Mark 4.431ms
[2021-10-16T16:54:01.555-0700][gc            ] GC(2) Concurrent Cycle 31.536ms
[2021-10-16T16:54:09.405-0700][gc,start      ] GC(3) Pause Young (Normal) (G1 Evacuation Pause)
[2021-10-16T16:54:09.405-0700][gc,task       ] GC(3) Using 2 workers of 2 for evacuation
[2021-10-16T16:54:09.412-0700][gc,phases     ] GC(3)   Pre Evacuate Collection Set: 0.1ms
[2021-10-16T16:54:09.412-0700][gc,phases     ] GC(3)   Evacuate Collection Set: 5.7ms
[2021-10-16T16:54:09.412-0700][gc,phases     ] GC(3)   Post Evacuate Collection Set: 0.3ms
[2021-10-16T16:54:09.412-0700][gc,phases     ] GC(3)   Other: 0.1ms
[2021-10-16T16:54:09.412-0700][gc,heap       ] GC(3) Eden regions: 49->0(46)
[2021-10-16T16:54:09.412-0700][gc,heap       ] GC(3) Survivor regions: 2->5(7)
[2021-10-16T16:54:09.412-0700][gc,heap       ] GC(3) Old regions: 9->9
[2021-10-16T16:54:09.412-0700][gc,heap       ] GC(3) Humongous regions: 129->129
[2021-10-16T16:54:09.412-0700][gc,metaspace  ] GC(3) Metaspace: 29729K->29729K(1077248K)
[2021-10-16T16:54:09.412-0700][gc            ] GC(3) Pause Young (Normal) (G1 Evacuation Pause) 186M->140M(1024M) 6.248ms
[2021-10-16T16:54:09.412-0700][gc,cpu        ] GC(3) User=0.01s Sys=0.00s Real=0.01s
[2021-10-16T17:00:10.196-0700][gc,start      ] GC(4) Pause Young (Concurrent Start) (Metadata GC Threshold)
[2021-10-16T17:00:10.196-0700][gc,task       ] GC(4) Using 2 workers of 2 for evacuation
[2021-10-16T17:00:10.231-0700][gc,mmu        ] GC(4) MMU target violated: 21.0ms (20.0ms/21.0ms)
[2021-10-16T17:00:10.231-0700][gc,phases     ] GC(4)   Pre Evacuate Collection Set: 0.2ms
[2021-10-16T17:00:10.231-0700][gc,phases     ] GC(4)   Evacuate Collection Set: 34.4ms
[2021-10-16T17:00:10.231-0700][gc,phases     ] GC(4)   Post Evacuate Collection Set: 0.5ms
[2021-10-16T17:00:10.231-0700][gc,phases     ] GC(4)   Other: 0.4ms
[2021-10-16T17:00:10.231-0700][gc,heap       ] GC(4) Eden regions: 22->0(46)
[2021-10-16T17:00:10.231-0700][gc,heap       ] GC(4) Survivor regions: 5->5(7)
[2021-10-16T17:00:10.231-0700][gc,heap       ] GC(4) Old regions: 9->10
[2021-10-16T17:00:10.231-0700][gc,heap       ] GC(4) Humongous regions: 129->129
[2021-10-16T17:00:10.231-0700][gc,metaspace  ] GC(4) Metaspace: 34347K->34347K(1081344K)
[2021-10-16T17:00:10.231-0700][gc            ] GC(4) Pause Young (Concurrent Start) (Metadata GC Threshold) 162M->141M(1024M) 35.474ms
[2021-10-16T17:00:10.231-0700][gc,cpu        ] GC(4) User=0.04s Sys=0.00s Real=0.04s
[2021-10-16T17:00:10.231-0700][gc            ] GC(5) Concurrent Cycle
[2021-10-16T17:00:10.231-0700][gc,marking    ] GC(5) Concurrent Clear Claimed Marks
[2021-10-16T17:00:10.231-0700][gc,marking    ] GC(5) Concurrent Clear Claimed Marks 0.155ms
[2021-10-16T17:00:10.231-0700][gc,marking    ] GC(5) Concurrent Scan Root Regions
[2021-10-16T17:00:10.234-0700][gc,marking    ] GC(5) Concurrent Scan Root Regions 2.651ms
[2021-10-16T17:00:10.234-0700][gc,marking    ] GC(5) Concurrent Mark (369.884s)
[2021-10-16T17:00:10.234-0700][gc,marking    ] GC(5) Concurrent Mark From Roots
[2021-10-16T17:00:10.234-0700][gc,task       ] GC(5) Using 1 workers of 1 for marking
[2021-10-16T17:00:10.248-0700][gc,marking    ] GC(5) Concurrent Mark From Roots 13.803ms
[2021-10-16T17:00:10.248-0700][gc,marking    ] GC(5) Concurrent Preclean
[2021-10-16T17:00:10.248-0700][gc,marking    ] GC(5) Concurrent Preclean 0.043ms
[2021-10-16T17:00:10.248-0700][gc,marking    ] GC(5) Concurrent Mark (369.884s, 369.898s) 13.892ms
[2021-10-16T17:00:10.248-0700][gc,start      ] GC(5) Pause Remark
[2021-10-16T17:00:10.251-0700][gc,stringtable] GC(5) Cleaned string and symbol table, strings: 9324 processed, 11 removed, symbols: 79131 processed, 20 removed
[2021-10-16T17:00:10.251-0700][gc            ] GC(5) Pause Remark 142M->142M(1024M) 3.250ms
[2021-10-16T17:00:10.251-0700][gc,cpu        ] GC(5) User=0.01s Sys=0.00s Real=0.01s
[2021-10-16T17:00:10.251-0700][gc,marking    ] GC(5) Concurrent Rebuild Remembered Sets
[2021-10-16T17:00:10.255-0700][gc,marking    ] GC(5) Concurrent Rebuild Remembered Sets 3.628ms
[2021-10-16T17:00:10.255-0700][gc,start      ] GC(5) Pause Cleanup
[2021-10-16T17:00:10.256-0700][gc            ] GC(5) Pause Cleanup 142M->142M(1024M) 0.168ms
[2021-10-16T17:00:10.256-0700][gc,cpu        ] GC(5) User=0.00s Sys=0.00s Real=0.00s
[2021-10-16T17:00:10.256-0700][gc,marking    ] GC(5) Concurrent Cleanup for Next Mark
[2021-10-16T17:00:10.266-0700][gc,marking    ] GC(5) Concurrent Cleanup for Next Mark 10.012ms
[2021-10-16T17:00:10.266-0700][gc            ] GC(5) Concurrent Cycle 34.415ms
[2021-10-16T17:07:12.165-0700][gc,start      ] GC(6) Pause Young (Normal) (G1 Evacuation Pause)
[2021-10-16T17:07:12.165-0700][gc,task       ] GC(6) Using 2 workers of 2 for evacuation
[2021-10-16T17:07:12.175-0700][gc,phases     ] GC(6)   Pre Evacuate Collection Set: 0.1ms
[2021-10-16T17:07:12.175-0700][gc,phases     ] GC(6)   Evacuate Collection Set: 9.0ms
[2021-10-16T17:07:12.175-0700][gc,phases     ] GC(6)   Post Evacuate Collection Set: 0.5ms
[2021-10-16T17:07:12.175-0700][gc,phases     ] GC(6)   Other: 0.2ms
[2021-10-16T17:07:12.175-0700][gc,heap       ] GC(6) Eden regions: 46->0(47)
[2021-10-16T17:07:12.175-0700][gc,heap       ] GC(6) Survivor regions: 5->4(7)
[2021-10-16T17:07:12.175-0700][gc,heap       ] GC(6) Old regions: 10->13
[2021-10-16T17:07:12.175-0700][gc,heap       ] GC(6) Humongous regions: 129->129
[2021-10-16T17:07:12.175-0700][gc,metaspace  ] GC(6) Metaspace: 37896K->37896K(1083392K)
[2021-10-16T17:07:12.175-0700][gc            ] GC(6) Pause Young (Normal) (G1 Evacuation Pause) 187M->144M(1024M) 9.819ms
[2021-10-16T17:07:12.175-0700][gc,cpu        ] GC(6) User=0.02s Sys=0.00s Real=0.01s
[2021-10-16T17:21:00.008-0700][gc,start      ] GC(7) Pause Young (Normal) (G1 Evacuation Pause)
[2021-10-16T17:21:00.008-0700][gc,task       ] GC(7) Using 2 workers of 2 for evacuation
[2021-10-16T17:21:00.016-0700][gc,phases     ] GC(7)   Pre Evacuate Collection Set: 0.2ms
[2021-10-16T17:21:00.016-0700][gc,phases     ] GC(7)   Evacuate Collection Set: 7.0ms
[2021-10-16T17:21:00.016-0700][gc,phases     ] GC(7)   Post Evacuate Collection Set: 0.4ms
[2021-10-16T17:21:00.016-0700][gc,phases     ] GC(7)   Other: 0.2ms
[2021-10-16T17:21:00.016-0700][gc,heap       ] GC(7) Eden regions: 47->0(47)
[2021-10-16T17:21:00.016-0700][gc,heap       ] GC(7) Survivor regions: 4->4(7)
[2021-10-16T17:21:00.016-0700][gc,heap       ] GC(7) Old regions: 13->14
[2021-10-16T17:21:00.016-0700][gc,heap       ] GC(7) Humongous regions: 129->129
[2021-10-16T17:21:00.016-0700][gc,metaspace  ] GC(7) Metaspace: 38232K->38232K(1083392K)
[2021-10-16T17:21:00.016-0700][gc            ] GC(7) Pause Young (Normal) (G1 Evacuation Pause) 191M->145M(1024M) 7.876ms
[2021-10-16T17:21:00.016-0700][gc,cpu        ] GC(7) User=0.00s Sys=0.01s Real=0.01s
[2021-10-16T17:31:28.729-0700][gc,start      ] GC(8) Pause Young (Normal) (G1 Evacuation Pause)
[2021-10-16T17:31:28.730-0700][gc,task       ] GC(8) Using 2 workers of 2 for evacuation
[2021-10-16T17:31:28.736-0700][gc,phases     ] GC(8)   Pre Evacuate Collection Set: 0.2ms
[2021-10-16T17:31:28.736-0700][gc,phases     ] GC(8)   Evacuate Collection Set: 5.8ms
[2021-10-16T17:31:28.736-0700][gc,phases     ] GC(8)   Post Evacuate Collection Set: 0.4ms
[2021-10-16T17:31:28.736-0700][gc,phases     ] GC(8)   Other: 0.4ms
[2021-10-16T17:31:28.736-0700][gc,heap       ] GC(8) Eden regions: 47->0(46)
[2021-10-16T17:31:28.736-0700][gc,heap       ] GC(8) Survivor regions: 4->5(7)
[2021-10-16T17:31:28.736-0700][gc,heap       ] GC(8) Old regions: 14->14
[2021-10-16T17:31:28.736-0700][gc,heap       ] GC(8) Humongous regions: 129->129
[2021-10-16T17:31:28.736-0700][gc,metaspace  ] GC(8) Metaspace: 38306K->38306K(1083392K)
[2021-10-16T17:31:28.736-0700][gc            ] GC(8) Pause Young (Normal) (G1 Evacuation Pause) 192M->145M(1024M) 6.788ms
[2021-10-16T17:31:28.736-0700][gc,cpu        ] GC(8) User=0.01s Sys=0.00s Real=0.00s
[2021-10-16T17:42:02.266-0700][gc,start      ] GC(9) Pause Young (Normal) (G1 Evacuation Pause)
[2021-10-16T17:42:02.266-0700][gc,task       ] GC(9) Using 2 workers of 2 for evacuation
[2021-10-16T17:42:02.276-0700][gc,phases     ] GC(9)   Pre Evacuate Collection Set: 0.1ms
[2021-10-16T17:42:02.276-0700][gc,phases     ] GC(9)   Evacuate Collection Set: 8.8ms
[2021-10-16T17:42:02.276-0700][gc,phases     ] GC(9)   Post Evacuate Collection Set: 0.7ms
[2021-10-16T17:42:02.276-0700][gc,phases     ] GC(9)   Other: 0.2ms
[2021-10-16T17:42:02.276-0700][gc,heap       ] GC(9) Eden regions: 46->0(48)
[2021-10-16T17:42:02.276-0700][gc,heap       ] GC(9) Survivor regions: 5->3(7)
[2021-10-16T17:42:02.276-0700][gc,heap       ] GC(9) Old regions: 14->16
[2021-10-16T17:42:02.276-0700][gc,heap       ] GC(9) Humongous regions: 129->129
[2021-10-16T17:42:02.276-0700][gc,metaspace  ] GC(9) Metaspace: 38431K->38431K(1083392K)
[2021-10-16T17:42:02.276-0700][gc            ] GC(9) Pause Young (Normal) (G1 Evacuation Pause) 191M->145M(1024M) 9.972ms
[2021-10-16T17:42:02.276-0700][gc,cpu        ] GC(9) User=0.01s Sys=0.00s Real=0.01s
[2021-10-16T17:53:10.872-0700][gc,start      ] GC(10) Pause Young (Normal) (G1 Evacuation Pause)
[2021-10-16T17:53:10.872-0700][gc,task       ] GC(10) Using 2 workers of 2 for evacuation
[2021-10-16T17:53:10.877-0700][gc,phases     ] GC(10)   Pre Evacuate Collection Set: 0.1ms
[2021-10-16T17:53:10.877-0700][gc,phases     ] GC(10)   Evacuate Collection Set: 3.6ms
[2021-10-16T17:53:10.877-0700][gc,phases     ] GC(10)   Post Evacuate Collection Set: 0.4ms
[2021-10-16T17:53:10.877-0700][gc,phases     ] GC(10)   Other: 0.2ms
[2021-10-16T17:53:10.877-0700][gc,heap       ] GC(10) Eden regions: 48->0(48)
[2021-10-16T17:53:10.877-0700][gc,heap       ] GC(10) Survivor regions: 3->3(7)
[2021-10-16T17:53:10.877-0700][gc,heap       ] GC(10) Old regions: 16->16
[2021-10-16T17:53:10.877-0700][gc,heap       ] GC(10) Humongous regions: 129->129
[2021-10-16T17:53:10.877-0700][gc,metaspace  ] GC(10) Metaspace: 38497K->38497K(1085440K)
[2021-10-16T17:53:10.877-0700][gc            ] GC(10) Pause Young (Normal) (G1 Evacuation Pause) 193M->145M(1024M) 4.402ms
[2021-10-16T17:53:10.877-0700][gc,cpu        ] GC(10) User=0.01s Sys=0.00s Real=0.00s
[2021-10-16T18:03:40.192-0700][gc,start      ] GC(11) Pause Young (Normal) (G1 Evacuation Pause)
[2021-10-16T18:03:40.192-0700][gc,task       ] GC(11) Using 2 workers of 2 for evacuation
[2021-10-16T18:03:40.196-0700][gc,phases     ] GC(11)   Pre Evacuate Collection Set: 0.2ms
[2021-10-16T18:03:40.196-0700][gc,phases     ] GC(11)   Evacuate Collection Set: 3.6ms
[2021-10-16T18:03:40.196-0700][gc,phases     ] GC(11)   Post Evacuate Collection Set: 0.3ms
[2021-10-16T18:03:40.196-0700][gc,phases     ] GC(11)   Other: 0.2ms
[2021-10-16T18:03:40.196-0700][gc,heap       ] GC(11) Eden regions: 48->0(48)
[2021-10-16T18:03:40.196-0700][gc,heap       ] GC(11) Survivor regions: 3->3(7)
[2021-10-16T18:03:40.196-0700][gc,heap       ] GC(11) Old regions: 16->16
[2021-10-16T18:03:40.196-0700][gc,heap       ] GC(11) Humongous regions: 129->129
[2021-10-16T18:03:40.196-0700][gc,metaspace  ] GC(11) Metaspace: 38558K->38558K(1085440K)
[2021-10-16T18:03:40.196-0700][gc            ] GC(11) Pause Young (Normal) (G1 Evacuation Pause) 193M->145M(1024M) 4.320ms
[2021-10-16T18:03:40.196-0700][gc,cpu        ] GC(11) User=0.01s Sys=0.00s Real=0.00s
[2021-10-16T18:19:03.151-0700][gc,start      ] GC(12) Pause Young (Normal) (G1 Evacuation Pause)
[2021-10-16T18:19:03.151-0700][gc,task       ] GC(12) Using 2 workers of 2 for evacuation
[2021-10-16T18:19:03.157-0700][gc,phases     ] GC(12)   Pre Evacuate Collection Set: 0.3ms
[2021-10-16T18:19:03.157-0700][gc,phases     ] GC(12)   Evacuate Collection Set: 4.0ms
[2021-10-16T18:19:03.157-0700][gc,phases     ] GC(12)   Post Evacuate Collection Set: 1.1ms
[2021-10-16T18:19:03.157-0700][gc,phases     ] GC(12)   Other: 0.5ms
[2021-10-16T18:19:03.157-0700][gc,heap       ] GC(12) Eden regions: 48->0(48)
[2021-10-16T18:19:03.157-0700][gc,heap       ] GC(12) Survivor regions: 3->3(7)
[2021-10-16T18:19:03.157-0700][gc,heap       ] GC(12) Old regions: 16->16
[2021-10-16T18:19:03.157-0700][gc,heap       ] GC(12) Humongous regions: 129->129
[2021-10-16T18:19:03.157-0700][gc,metaspace  ] GC(12) Metaspace: 38626K->38626K(1085440K)
[2021-10-16T18:19:03.157-0700][gc            ] GC(12) Pause Young (Normal) (G1 Evacuation Pause) 193M->145M(1024M) 5.910ms
[2021-10-16T18:19:03.157-0700][gc,cpu        ] GC(12) User=0.01s Sys=0.00s Real=0.00s
[2021-10-16T18:30:01.863-0700][gc,start      ] GC(13) Pause Young (Normal) (G1 Evacuation Pause)
[2021-10-16T18:30:01.863-0700][gc,task       ] GC(13) Using 2 workers of 2 for evacuation
[2021-10-16T18:30:01.868-0700][gc,phases     ] GC(13)   Pre Evacuate Collection Set: 0.1ms
[2021-10-16T18:30:01.868-0700][gc,phases     ] GC(13)   Evacuate Collection Set: 4.5ms
[2021-10-16T18:30:01.868-0700][gc,phases     ] GC(13)   Post Evacuate Collection Set: 0.6ms
[2021-10-16T18:30:01.868-0700][gc,phases     ] GC(13)   Other: 0.2ms
[2021-10-16T18:30:01.868-0700][gc,heap       ] GC(13) Eden regions: 48->0(52)
[2021-10-16T18:30:01.868-0700][gc,heap       ] GC(13) Survivor regions: 3->3(7)
[2021-10-16T18:30:01.868-0700][gc,heap       ] GC(13) Old regions: 16->16
[2021-10-16T18:30:01.868-0700][gc,heap       ] GC(13) Humongous regions: 129->129
[2021-10-16T18:30:01.868-0700][gc,metaspace  ] GC(13) Metaspace: 38652K->38652K(1085440K)
[2021-10-16T18:30:01.868-0700][gc            ] GC(13) Pause Young (Normal) (G1 Evacuation Pause) 193M->146M(1024M) 5.425ms
[2021-10-16T18:30:01.868-0700][gc,cpu        ] GC(13) User=0.01s Sys=0.00s Real=0.00s
[2021-10-16T18:41:50.193-0700][gc,start      ] GC(14) Pause Young (Normal) (G1 Evacuation Pause)
[2021-10-16T18:41:50.193-0700][gc,task       ] GC(14) Using 2 workers of 2 for evacuation
[2021-10-16T18:41:50.198-0700][gc,phases     ] GC(14)   Pre Evacuate Collection Set: 0.1ms
[2021-10-16T18:41:50.198-0700][gc,phases     ] GC(14)   Evacuate Collection Set: 4.7ms
[2021-10-16T18:41:50.198-0700][gc,phases     ] GC(14)   Post Evacuate Collection Set: 0.3ms
[2021-10-16T18:41:50.198-0700][gc,phases     ] GC(14)   Other: 0.4ms
[2021-10-16T18:41:50.198-0700][gc,heap       ] GC(14) Eden regions: 52->0(58)
[2021-10-16T18:41:50.198-0700][gc,heap       ] GC(14) Survivor regions: 3->3(7)
[2021-10-16T18:41:50.198-0700][gc,heap       ] GC(14) Old regions: 16->16
[2021-10-16T18:41:50.198-0700][gc,heap       ] GC(14) Humongous regions: 129->129
[2021-10-16T18:41:50.198-0700][gc,metaspace  ] GC(14) Metaspace: 38716K->38716K(1085440K)
[2021-10-16T18:41:50.198-0700][gc            ] GC(14) Pause Young (Normal) (G1 Evacuation Pause) 198M->145M(1024M) 5.432ms
[2021-10-16T18:41:50.198-0700][gc,cpu        ] GC(14) User=0.01s Sys=0.00s Real=0.00s
