[2021-10-16T16:51:45.600-0700][gc,heap] Heap region size: 1M
[2021-10-16T16:51:45.607-0700][gc     ] Using G1
[2021-10-16T16:51:45.607-0700][gc,heap,coops] Heap address: 0x00000000c0000000, size: 1024 MB, Compressed Oops mode: 32-bit
[2021-10-16T16:51:45.607-0700][gc,cds       ] Mark closed archive regions in map: [0x00000000fff00000, 0x00000000fff6aff8]
[2021-10-16T16:51:45.607-0700][gc,cds       ] Mark open archive regions in map: [0x00000000ffe00000, 0x00000000ffe46ff8]
[2021-10-16T16:51:46.493-0700][gc,start     ] GC(0) Pause Young (Normal) (G1 Evacuation Pause)
[2021-10-16T16:51:46.493-0700][gc,task      ] GC(0) Using 2 workers of 2 for evacuation
[2021-10-16T16:51:46.509-0700][gc,phases    ] GC(0)   Pre Evacuate Collection Set: 0.1ms
[2021-10-16T16:51:46.509-0700][gc,phases    ] GC(0)   Evacuate Collection Set: 14.9ms
[2021-10-16T16:51:46.509-0700][gc,phases    ] GC(0)   Post Evacuate Collection Set: 0.5ms
[2021-10-16T16:51:46.509-0700][gc,phases    ] GC(0)   Other: 0.4ms
[2021-10-16T16:51:46.509-0700][gc,heap      ] GC(0) Eden regions: 51->0(44)
[2021-10-16T16:51:46.509-0700][gc,heap      ] GC(0) Survivor regions: 0->7(7)
[2021-10-16T16:51:46.509-0700][gc,heap      ] GC(0) Old regions: 2->2
[2021-10-16T16:51:46.509-0700][gc,heap      ] GC(0) Humongous regions: 0->0
[2021-10-16T16:51:46.509-0700][gc,metaspace ] GC(0) Metaspace: 15327K->15327K(1062912K)
[2021-10-16T16:51:46.509-0700][gc           ] GC(0) Pause Young (Normal) (G1 Evacuation Pause) 51M->6M(1024M) 15.892ms
[2021-10-16T16:51:46.509-0700][gc,cpu       ] GC(0) User=0.00s Sys=0.02s Real=0.01s
[2021-10-16T16:51:46.915-0700][gc,start     ] GC(1) Pause Young (Concurrent Start) (Metadata GC Threshold)
[2021-10-16T16:51:46.915-0700][gc,task      ] GC(1) Using 2 workers of 2 for evacuation
[2021-10-16T16:51:46.934-0700][gc,phases    ] GC(1)   Pre Evacuate Collection Set: 0.1ms
[2021-10-16T16:51:46.934-0700][gc,phases    ] GC(1)   Evacuate Collection Set: 18.1ms
[2021-10-16T16:51:46.934-0700][gc,phases    ] GC(1)   Post Evacuate Collection Set: 0.4ms
[2021-10-16T16:51:46.934-0700][gc,phases    ] GC(1)   Other: 0.2ms
[2021-10-16T16:51:46.934-0700][gc,heap      ] GC(1) Eden regions: 22->0(49)
[2021-10-16T16:51:46.934-0700][gc,heap      ] GC(1) Survivor regions: 7->2(7)
[2021-10-16T16:51:46.934-0700][gc,heap      ] GC(1) Old regions: 2->9
[2021-10-16T16:51:46.934-0700][gc,heap      ] GC(1) Humongous regions: 129->129
[2021-10-16T16:51:46.934-0700][gc,metaspace ] GC(1) Metaspace: 20503K->20503K(1067008K)
[2021-10-16T16:51:46.934-0700][gc           ] GC(1) Pause Young (Concurrent Start) (Metadata GC Threshold) 157M->137M(1024M) 18.859ms
[2021-10-16T16:51:46.934-0700][gc,cpu       ] GC(1) User=0.00s Sys=0.02s Real=0.02s
[2021-10-16T16:51:46.934-0700][gc           ] GC(2) Concurrent Cycle
[2021-10-16T16:51:46.934-0700][gc,marking   ] GC(2) Concurrent Clear Claimed Marks
[2021-10-16T16:51:46.934-0700][gc,marking   ] GC(2) Concurrent Clear Claimed Marks 0.090ms
[2021-10-16T16:51:46.934-0700][gc,marking   ] GC(2) Concurrent Scan Root Regions
[2021-10-16T16:51:46.935-0700][gc,marking   ] GC(2) Concurrent Scan Root Regions 0.900ms
[2021-10-16T16:51:46.935-0700][gc,marking   ] GC(2) Concurrent Mark (1.337s)
[2021-10-16T16:51:46.935-0700][gc,marking   ] GC(2) Concurrent Mark From Roots
[2021-10-16T16:51:46.935-0700][gc,task      ] GC(2) Using 1 workers of 1 for marking
[2021-10-16T16:51:46.948-0700][gc,marking   ] GC(2) Concurrent Mark From Roots 12.711ms
[2021-10-16T16:51:46.948-0700][gc,marking   ] GC(2) Concurrent Preclean
[2021-10-16T16:51:46.948-0700][gc,marking   ] GC(2) Concurrent Preclean 0.064ms
[2021-10-16T16:51:46.948-0700][gc,marking   ] GC(2) Concurrent Mark (1.337s, 1.350s) 12.825ms
[2021-10-16T16:51:46.955-0700][gc,start     ] GC(2) Pause Remark
[2021-10-16T16:51:46.960-0700][gc,stringtable] GC(2) Cleaned string and symbol table, strings: 5027 processed, 0 removed, symbols: 50691 processed, 43 removed
[2021-10-16T16:51:46.960-0700][gc            ] GC(2) Pause Remark 137M->137M(1024M) 5.644ms
[2021-10-16T16:51:46.960-0700][gc,cpu        ] GC(2) User=0.01s Sys=0.00s Real=0.00s
[2021-10-16T16:51:46.960-0700][gc,marking    ] GC(2) Concurrent Rebuild Remembered Sets
[2021-10-16T16:51:46.971-0700][gc,marking    ] GC(2) Concurrent Rebuild Remembered Sets 10.766ms
[2021-10-16T16:51:46.971-0700][gc,start      ] GC(2) Pause Cleanup
[2021-10-16T16:51:46.971-0700][gc            ] GC(2) Pause Cleanup 138M->138M(1024M) 0.179ms
[2021-10-16T16:51:46.971-0700][gc,cpu        ] GC(2) User=0.00s Sys=0.00s Real=0.00s
[2021-10-16T16:51:46.978-0700][gc,marking    ] GC(2) Concurrent Cleanup for Next Mark
[2021-10-16T16:51:47.019-0700][gc,marking    ] GC(2) Concurrent Cleanup for Next Mark 40.926ms
[2021-10-16T16:51:47.019-0700][gc            ] GC(2) Concurrent Cycle 85.030ms
[2021-10-16T16:51:47.598-0700][gc,start      ] GC(3) Pause Young (Normal) (G1 Evacuation Pause)
[2021-10-16T16:51:47.598-0700][gc,task       ] GC(3) Using 2 workers of 2 for evacuation
[2021-10-16T16:51:47.605-0700][gc,phases     ] GC(3)   Pre Evacuate Collection Set: 0.1ms
[2021-10-16T16:51:47.606-0700][gc,phases     ] GC(3)   Evacuate Collection Set: 7.2ms
[2021-10-16T16:51:47.606-0700][gc,phases     ] GC(3)   Post Evacuate Collection Set: 0.3ms
[2021-10-16T16:51:47.606-0700][gc,phases     ] GC(3)   Other: 0.2ms
[2021-10-16T16:51:47.606-0700][gc,heap       ] GC(3) Eden regions: 49->0(45)
[2021-10-16T16:51:47.606-0700][gc,heap       ] GC(3) Survivor regions: 2->6(7)
[2021-10-16T16:51:47.606-0700][gc,heap       ] GC(3) Old regions: 9->9
[2021-10-16T16:51:47.606-0700][gc,heap       ] GC(3) Humongous regions: 129->129
[2021-10-16T16:51:47.606-0700][gc,metaspace  ] GC(3) Metaspace: 29965K->29965K(1077248K)
[2021-10-16T16:51:47.606-0700][gc            ] GC(3) Pause Young (Normal) (G1 Evacuation Pause) 186M->140M(1024M) 7.881ms
[2021-10-16T16:51:47.606-0700][gc,cpu        ] GC(3) User=0.01s Sys=0.00s Real=0.01s
[2021-10-16T16:53:41.854-0700][gc,heap,exit  ] Heap
[2021-10-16T16:53:41.854-0700][gc,heap,exit  ]  garbage-first heap   total 1048576K, used 163819K [0x00000000c0000000, 0x0000000100000000)
[2021-10-16T16:53:41.854-0700][gc,heap,exit  ]   region size 1024K, 27 young (27648K), 6 survivors (6144K)
[2021-10-16T16:53:41.854-0700][gc,heap,exit  ]  Metaspace       used 33312K, capacity 34556K, committed 34816K, reserved 1079296K
[2021-10-16T16:53:41.854-0700][gc,heap,exit  ]   class space    used 3944K, capacity 4506K, committed 4608K, reserved 1048576K
