[2021-10-16T16:54:07.136-0700][gc,heap] Heap region size: 1M
[2021-10-16T16:54:07.139-0700][gc     ] Using G1
[2021-10-16T16:54:07.139-0700][gc,heap,coops] Heap address: 0x00000000e0000000, size: 512 MB, Compressed Oops mode: 32-bit
[2021-10-16T16:54:07.140-0700][gc,cds       ] Mark closed archive regions in map: [0x00000000fff00000, 0x00000000fff6aff8]
[2021-10-16T16:54:07.140-0700][gc,cds       ] Mark open archive regions in map: [0x00000000ffe00000, 0x00000000ffe46ff8]
[2021-10-16T16:54:09.157-0700][gc,start     ] GC(0) Pause Young (Normal) (G1 Evacuation Pause)
[2021-10-16T16:54:09.157-0700][gc,task      ] GC(0) Using 2 workers of 2 for evacuation
[2021-10-16T16:54:09.166-0700][gc,phases    ] GC(0)   Pre Evacuate Collection Set: 0.0ms
[2021-10-16T16:54:09.166-0700][gc,phases    ] GC(0)   Evacuate Collection Set: 8.5ms
[2021-10-16T16:54:09.166-0700][gc,phases    ] GC(0)   Post Evacuate Collection Set: 0.4ms
[2021-10-16T16:54:09.166-0700][gc,phases    ] GC(0)   Other: 0.2ms
[2021-10-16T16:54:09.166-0700][gc,heap      ] GC(0) Eden regions: 25->0(21)
[2021-10-16T16:54:09.166-0700][gc,heap      ] GC(0) Survivor regions: 0->4(4)
[2021-10-16T16:54:09.166-0700][gc,heap      ] GC(0) Old regions: 2->4
[2021-10-16T16:54:09.166-0700][gc,heap      ] GC(0) Humongous regions: 0->0
[2021-10-16T16:54:09.166-0700][gc,metaspace ] GC(0) Metaspace: 7664K->7664K(1056768K)
[2021-10-16T16:54:09.166-0700][gc           ] GC(0) Pause Young (Normal) (G1 Evacuation Pause) 25M->5M(512M) 9.300ms
[2021-10-16T16:54:09.166-0700][gc,cpu       ] GC(0) User=0.01s Sys=0.00s Real=0.01s
